// Vitest Snapshot v1, https://vitest.dev/guide/snapshot.html

exports[`EditMatterForm > matches snapshot 1`] = `
"<div data-v-84f3b8b5="" class="edit-matter-form">
  <!-- Error Alert -->
  <!--v-if-->
  <!-- Success Alert -->
  <!--v-if-->
  <!-- Loading State -->
  <!-- Form -->
  <div data-v-84f3b8b5="" class="matter-form">
    <!-- Auto-save Status -->
    <div data-v-84f3b8b5="" class="mb-4">
      <div data-v-84f3b8b5="" class="alert">
        <div data-v-84f3b8b5="" class="alert-description flex items-center justify-between"><span data-v-84f3b8b5="">Auto-save is enabled</span>
          <div data-v-84f3b8b5="" class="flex items-center gap-2"><span data-v-84f3b8b5="" class="badge secondary text-xs"><!--v-if--> Saved</span>
            <!--v-if-->
          </div>
        </div>
      </div>
    </div><!-- Matter Header Info -->
    <div data-v-84f3b8b5="" class="card mb-6">
      <div data-v-84f3b8b5="" class="card-header">
        <h3 data-v-84f3b8b5="" class="card-title text-sm">Matter Information</h3>
      </div>
      <div data-v-84f3b8b5="" class="card-content">
        <div data-v-84f3b8b5="" class="grid grid-cols-2 md:grid-cols-4 gap-4 text-sm">
          <div data-v-84f3b8b5=""><span data-v-84f3b8b5="" class="text-muted-foreground">Matter Number:</span><span data-v-84f3b8b5="" class="ml-2 font-mono">MAT-2024-001</span></div>
          <div data-v-84f3b8b5=""><span data-v-84f3b8b5="" class="text-muted-foreground">Current Status:</span><span data-v-84f3b8b5="" class="ml-2 font-medium">RESEARCH</span></div>
          <div data-v-84f3b8b5=""><span data-v-84f3b8b5="" class="text-muted-foreground">Created:</span><span data-v-84f3b8b5="" class="ml-2">1/1/2024</span></div>
          <div data-v-84f3b8b5=""><span data-v-84f3b8b5="" class="text-muted-foreground">Last Modified:</span><span data-v-84f3b8b5="" class="ml-2">1/15/2024</span></div>
        </div>
      </div>
    </div>
    <div data-v-84f3b8b5="" class="grid grid-cols-1 lg:grid-cols-2 gap-6">
      <!-- Left Column -->
      <div data-v-84f3b8b5="" class="space-y-6">
        <!-- Basic Information -->
        <div data-v-84f3b8b5="" class="space-y-4">
          <h3 data-v-84f3b8b5="" class="text-lg font-medium border-b pb-2">Basic Information</h3>
          <div data-v-84f3b8b5="" class="form-field-wrapper" name="matter-title"><label>Matter Title</label><input data-v-84f3b8b5="" class="form-input"></div>
          <div data-v-84f3b8b5="" class="form-field-wrapper" name="description"><label>Description</label><textarea data-v-84f3b8b5="" class="form-textarea"></textarea></div>
          <div data-v-84f3b8b5="" class="grid grid-cols-1 md:grid-cols-2 gap-4">
            <div data-v-84f3b8b5="" class="matter-type-field"></div>
            <div data-v-84f3b8b5="" class="matter-status-field"></div>
          </div>
          <div data-v-84f3b8b5="" class="form-field-wrapper" name="priority"><label>Priority</label><select data-v-84f3b8b5="" class="form-select"></select></div>
        </div><!-- Financial Information -->
        <div data-v-84f3b8b5="" class="space-y-4">
          <h3 data-v-84f3b8b5="" class="text-lg font-medium border-b pb-2">Financial Information</h3>
          <div data-v-84f3b8b5="" class="form-field-wrapper" name="estimated-value"><label>Estimated Value</label><input data-v-84f3b8b5="" class="form-input"></div>
          <div data-v-84f3b8b5="" class="form-field-wrapper" name="billable-hours"><label>Estimated Billable Hours</label><input data-v-84f3b8b5="" class="form-input"></div>
        </div>
      </div><!-- Right Column -->
      <div data-v-84f3b8b5="" class="space-y-6">
        <!-- Client Information -->
        <div data-v-84f3b8b5="" class="space-y-4">
          <h3 data-v-84f3b8b5="" class="text-lg font-medium border-b pb-2">Client &amp; Assignment</h3>
          <div data-v-84f3b8b5="" class="client-selection-field"></div>
          <div data-v-84f3b8b5="" class="lawyer-assignment-field"></div>
        </div><!-- Dates -->
        <div data-v-84f3b8b5="" class="space-y-4">
          <h3 data-v-84f3b8b5="" class="text-lg font-medium border-b pb-2">Important Dates</h3>
          <div data-v-84f3b8b5="" class="matter-date-fields"></div>
        </div><!-- Additional Information -->
        <div data-v-84f3b8b5="" class="space-y-4">
          <h3 data-v-84f3b8b5="" class="text-lg font-medium border-b pb-2">Additional Information</h3>
          <div data-v-84f3b8b5="" class="form-field-wrapper" name="tags"><label>Tags</label><input data-v-84f3b8b5="" class="form-input"></div>
        </div>
      </div>
    </div>
  </div>
</div>"
`;
